[pollyannaconsultancyservices.com/index.html]
[backblue.gif]
[fade.gif]
[index.html]
[pollyannaconsultancyservices.com/wp-content/themes/astra/assets/css/minified/frontend.mina4f3.css]
[pollyannaconsultancyservices.com/feed/index.html]
[pollyannaconsultancyservices.com/wp-content/themes/astra/assets/fonts/astra.woff]
[pollyannaconsultancyservices.com/wp-content/themes/astra/assets/css/minified/menu-animation.mina4f3.css]
[pollyannaconsultancyservices.com/wp-includes/css/dist/block-library/style.minf658.css]
[pollyannaconsultancyservices.com/wp-content/plugins/templately/assets/css/editor6f3e.css]
[pollyannaconsultancyservices.com/wp-content/uploads/essential-addons-elementor/cb70d11b8.mind08f.css]
[pollyannaconsultancyservices.com/wp-content/plugins/header-footer-elementor/assets/css/header-footer-elementor2745.css]
[pollyannaconsultancyservices.com/wp-content/plugins/elementor/assets/lib/eicons/css/elementor-icons.minb683.css]
[pollyannaconsultancyservices.com/wp-content/plugins/elementor/assets/css/frontend.minccfb.css]
[pollyannaconsultancyservices.com/wp-content/plugins/elementor/assets/lib/eicons/fonts/eicons0b93.eot]
[pollyannaconsultancyservices.com/comments/feed/index.html]
[pollyannaconsultancyservices.com/wp-content/uploads/elementor/css/post-199d09.css]
[pollyannaconsultancyservices.com/wp-content/plugins/elementor/assets/lib/font-awesome/css/all.minee45.css]
[pollyannaconsultancyservices.com/wp-content/plugins/elementor/assets/lib/font-awesome/css/v4-shims.minee45.css]
[pollyannaconsultancyservices.com/wp-content/uploads/elementor/css/globale522.css]
[pollyannaconsultancyservices.com/wp-content/uploads/elementor/css/post-142e522.css]
[pollyannaconsultancyservices.com/wp-content/plugins/header-footer-elementor/inc/widgets-css/frontend2745.css]
[pollyannaconsultancyservices.com/wp-content/plugins/elementskit-lite/modules/elementskit-icon-pack/assets/css/ekiticons25b6.css]
[pollyannaconsultancyservices.com/wp-content/plugins/elementskit-lite/widgets/init/assets/css/widget-styles25b6.css]
[pollyannaconsultancyservices.com/wp-content/plugins/elementskit-lite/widgets/init/assets/css/responsive25b6.css]
[pollyannaconsultancyservices.com/wp-content/plugins/elementor/assets/lib/font-awesome/css/fontawesome.min52d5.css]
[pollyannaconsultancyservices.com/wp-content/plugins/elementor/assets/lib/font-awesome/css/solid.min52d5.css]
[pollyannaconsultancyservices.com/wp-content/plugins/elementor/assets/lib/font-awesome/css/brands.min52d5.css]
[pollyannaconsultancyservices.com/wp-includes/js/jquery/jquery.minaf6c.js]
[pollyannaconsultancyservices.com/wp-includes/js/jquery/jquery-migrate.mind617.js]
[pollyannaconsultancyservices.com/wp-content/plugins/elementor/assets/lib/font-awesome/js/v4-shims.minee45.js]
[pollyannaconsultancyservices.com/wp-json/index.html]
[pollyannaconsultancyservices.com/wp-json/wp/v2/pages/142.json]
[pollyannaconsultancyservices.com/xmlrpc0db0.php]
[pollyannaconsultancyservices.com/wp-includes/wlwmanifest.xml]
[pollyannaconsultancyservices.com/wp-json/oembed/1.0/embed7e42.json]
[pollyannaconsultancyservices.com/wp-json/oembed/1.0/embed56ce]
[pollyannaconsultancyservices.com/wp-content/uploads/2021/03/cropped-logo-32x32.png]
[pollyannaconsultancyservices.com/wp-content/uploads/2021/03/cropped-logo-192x192.png]
[pollyannaconsultancyservices.com/wp-content/uploads/2021/03/cropped-logo-180x180.png]
[pollyannaconsultancyservices.com/wp-content/uploads/2021/03/cropped-cropped-logo-1-150x60.png]
[pollyannaconsultancyservices.com/wp-content/uploads/forminator/css/style-5324a4b.css]
[pollyannaconsultancyservices.com/wp-content/plugins/forminator/assets/forminator-ui/css/forminator-icons.min9330.css]
[pollyannaconsultancyservices.com/wp-content/plugins/forminator/assets/forminator-ui/css/src/forminator-utilities.min9330.css]
[pollyannaconsultancyservices.com/wp-content/plugins/forminator/assets/forminator-ui/css/src/grid/forminator-grid.open.min9330.css]
[pollyannaconsultancyservices.com/about-us/index.html]
[pollyannaconsultancyservices.com/wp-content/plugins/forminator/assets/forminator-ui/css/src/form/forminator-form-material.base.min9330.css]
[pollyannaconsultancyservices.com/wp-content/plugins/forminator/assets/forminator-ui/css/src/form/forminator-form-material.full.min9330.css]
[pollyannaconsultancyservices.com/wp-content/plugins/forminator/assets/css/intlTelInput.minfa0c.css]
[pollyannaconsultancyservices.com/wp-includes/css/buttons.minf658.css]
[pollyannaconsultancyservices.com/our-services/index.html]
[pollyannaconsultancyservices.com/wp-content/plugins/elementor/assets/lib/animations/animations.minccfb.css]
[pollyannaconsultancyservices.com/training-services/index.html]
[pollyannaconsultancyservices.com/wp-content/themes/astra/assets/js/minified/frontend.mina4f3.js]
[pollyannaconsultancyservices.com/wp-content/uploads/essential-addons-elementor/cb70d11b8.mind08f.js]
[pollyannaconsultancyservices.com/placement-services/index.html]
[pollyannaconsultancyservices.com/educational-services/index.html]
[pollyannaconsultancyservices.com/wp-content/plugins/elementskit-lite/widgets/init/assets/js/widget-scripts25b6.js]
[pollyannaconsultancyservices.com/wp-includes/js/wp-embed.minf658.js]
[pollyannaconsultancyservices.com/wp-content/plugins/forminator/assets/js/library/jquery.validate.min9330.js]
[pollyannaconsultancyservices.com/wp-content/plugins/forminator/assets/forminator-ui/js/forminator-form.min9330.js]
[pollyannaconsultancyservices.com/wp-content/plugins/forminator/build/front/front.multi.min9330.js]
[pollyannaconsultancyservices.com/wp-content/plugins/forminator/assets/js/library/intlTelInput.min9330.js]
[pollyannaconsultancyservices.com/wp-content/plugins/elementor/assets/js/webpack.runtime.minccfb.js]
[pollyannaconsultancyservices.com/business-with-us/index.html]
[pollyannaconsultancyservices.com/contact-us/index.html]
[pollyannaconsultancyservices.com/pollyanna-covid-support-save-the-people/index.html]
[pollyannaconsultancyservices.com/wp-content/plugins/elementor/assets/js/frontend-modules.minccfb.js]
[pollyannaconsultancyservices.com/wp-content/plugins/elementor/assets/lib/waypoints/waypoints.min05da.js]
[pollyannaconsultancyservices.com/wp-includes/js/jquery/ui/core.min35d0.js]
[pollyannaconsultancyservices.com/wp-content/plugins/elementor/assets/lib/swiper/swiper.min48f5.js]
[pollyannaconsultancyservices.com/wp-content/plugins/elementor/assets/lib/share-link/share-link.minccfb.js]
[pollyannaconsultancyservices.com/wp-content/plugins/elementor/assets/lib/dialog/dialog.mina288.js]
[pollyannaconsultancyservices.com/pollyanna-covid-support-save-the-people/donate-food-to-families-struggling-with-hunger-in-covids-second-wave/index.html]
[pollyannaconsultancyservices.com/wp-content/plugins/elementor/assets/js/frontend.minccfb.js]
[pollyannaconsultancyservices.com/pollyanna-covid-support-save-the-people/save-critical-patients-from-fighting-corona-at-home/index.html]
[pollyannaconsultancyservices.com/wp-content/plugins/elementskit-lite/widgets/init/assets/js/animate-circle25b6.js]
[pollyannaconsultancyservices.com/registration/index.html]
[pollyannaconsultancyservices.com/wp-content/plugins/elementskit-lite/widgets/init/assets/js/elementor25b6.js]
[pollyannaconsultancyservices.com/index.html]
[pollyannaconsultancyservices.com/wp-content/themes/astra/assets/css/minified/frontend.mina4f3.css]
[pollyannaconsultancyservices.com/wp-content/themes/astra/assets/css/minified/menu-animation.mina4f3.css]
[pollyannaconsultancyservices.com/wp-content/plugins/elementor/assets/js/preloaded-modules.minccfb.js]
[pollyannaconsultancyservices.com/wp-includes/css/dist/block-library/style.minf658.css]
[pollyannaconsultancyservices.com/pollyanna-covid-support-save-the-people/help-patients-breathe-as-they-battle-covid/index.html]
[pollyannaconsultancyservices.com/wp-content/plugins/templately/assets/images/logo-icon.svg]
[pollyannaconsultancyservices.com/wp-content/plugins/templately/assets/css/editor6f3e.css]
[pollyannaconsultancyservices.com/wp-content/uploads/essential-addons-elementor/cb70d11b8.mind08f.css]
[pollyannaconsultancyservices.com/wp-content/plugins/header-footer-elementor/assets/css/header-footer-elementor2745.css]
[pollyannaconsultancyservices.com/wp-content/plugins/elementor/assets/lib/eicons/fonts/eicons02d6.eot]
[pollyannaconsultancyservices.com/wp-content/plugins/elementor/assets/lib/eicons/fonts/eicons02d6.woff2]
[pollyannaconsultancyservices.com/wp-content/plugins/elementor/assets/lib/eicons/fonts/eicons02d6.woff]
[pollyannaconsultancyservices.com/wp-content/plugins/elementor/assets/lib/eicons/fonts/eicons02d6.ttf]
[pollyannaconsultancyservices.com/wp-content/plugins/elementor/assets/lib/eicons/css/elementor-icons.minb683.css]
[pollyannaconsultancyservices.com/wp-content/plugins/elementor/assets/css/frontend.minccfb.css]
[pollyannaconsultancyservices.com/wp-content/uploads/elementor/css/post-199d09.css]
[pollyannaconsultancyservices.com/wp-content/plugins/elementor/assets/lib/eicons/fonts/eicons02d6.svg]
[pollyannaconsultancyservices.com/wp-content/plugins/elementor/assets/lib/font-awesome/webfonts/fa-brands-400.eot]
[pollyannaconsultancyservices.com/wp-content/plugins/elementor/assets/lib/font-awesome/webfonts/fa-brands-400d41d.eot]
[pollyannaconsultancyservices.com/wp-content/plugins/elementor/assets/lib/font-awesome/webfonts/fa-brands-400.woff2]
[pollyannaconsultancyservices.com/wp-content/plugins/elementor/assets/lib/font-awesome/webfonts/fa-brands-400.woff]
[pollyannaconsultancyservices.com/wp-content/plugins/elementor/assets/lib/font-awesome/webfonts/fa-brands-400.ttf]
[pollyannaconsultancyservices.com/wp-content/plugins/elementor/assets/lib/font-awesome/webfonts/fa-regular-400.eot]
[pollyannaconsultancyservices.com/wp-content/plugins/elementor/assets/lib/font-awesome/webfonts/fa-brands-400.svg]
[pollyannaconsultancyservices.com/wp-content/plugins/elementor/assets/lib/font-awesome/webfonts/fa-regular-400d41d.eot]
[pollyannaconsultancyservices.com/wp-content/plugins/elementor/assets/lib/font-awesome/webfonts/fa-regular-400.woff2]
[pollyannaconsultancyservices.com/wp-content/plugins/elementor/assets/lib/font-awesome/webfonts/fa-regular-400.woff]
[pollyannaconsultancyservices.com/wp-content/plugins/elementor/assets/lib/font-awesome/webfonts/fa-regular-400.ttf]
[pollyannaconsultancyservices.com/wp-content/plugins/elementor/assets/lib/font-awesome/webfonts/fa-regular-400.svg]
[pollyannaconsultancyservices.com/wp-content/plugins/elementor/assets/lib/font-awesome/webfonts/fa-solid-900.eot]
[pollyannaconsultancyservices.com/wp-content/plugins/elementor/assets/lib/font-awesome/webfonts/fa-solid-900d41d.eot]
[pollyannaconsultancyservices.com/wp-content/plugins/elementor/assets/lib/font-awesome/webfonts/fa-solid-900.woff2]
[pollyannaconsultancyservices.com/wp-content/plugins/elementor/assets/lib/font-awesome/webfonts/fa-solid-900.woff]
[pollyannaconsultancyservices.com/wp-content/plugins/elementor/assets/lib/font-awesome/webfonts/fa-solid-900.ttf]
[pollyannaconsultancyservices.com/wp-content/plugins/elementor/assets/lib/font-awesome/css/all.minee45.css]
[pollyannaconsultancyservices.com/wp-content/plugins/elementor/assets/lib/font-awesome/css/v4-shims.minee45.css]
[pollyannaconsultancyservices.com/wp-content/uploads/elementor/css/globale522.css]
[pollyannaconsultancyservices.com/wp-content/plugins/elementor/assets/lib/font-awesome/webfonts/fa-solid-900.svg]
[pollyannaconsultancyservices.com/wp-content/uploads/2021/04/pencils-clips-colour-pencils-1280558.jpg]
[pollyannaconsultancyservices.com/wp-content/uploads/2021/04/cta1.jpg]
[pollyannaconsultancyservices.com/wp-content/uploads/2021/02/office-bg.jpg]
[pollyannaconsultancyservices.com/wp-content/uploads/elementor/css/post-142e522.css]
[pollyannaconsultancyservices.com/wp-content/plugins/header-footer-elementor/inc/widgets-css/frontend2745.css]
[pollyannaconsultancyservices.com/wp-content/plugins/elementskit-lite/modules/elementskit-icon-pack/assets/fonts/elementskit97ac.woff]
[pollyannaconsultancyservices.com/wp-content/plugins/elementskit-lite/modules/elementskit-icon-pack/assets/css/ekiticons25b6.css]
[pollyannaconsultancyservices.com/wp-content/plugins/elementskit-lite/widgets/init/assets/img/arrow.png]
[pollyannaconsultancyservices.com/wp-content/plugins/elementskit-lite/widgets/init/assets/img/sort_asc.png]
[pollyannaconsultancyservices.com/wp-content/plugins/elementskit-lite/widgets/init/assets/img/sort_desc.png]
[pollyannaconsultancyservices.com/wp-content/plugins/elementskit-lite/widgets/init/assets/img/sort_asc_disabled.png]
[pollyannaconsultancyservices.com/wp-content/plugins/elementskit-lite/widgets/init/assets/css/widget-styles25b6.css]
[pollyannaconsultancyservices.com/wp-content/plugins/elementskit-lite/widgets/init/assets/css/responsive25b6.css]
[pollyannaconsultancyservices.com/wp-content/plugins/elementor/assets/lib/font-awesome/css/fontawesome.min52d5.css]
[pollyannaconsultancyservices.com/wp-content/plugins/elementor/assets/lib/font-awesome/css/solid.min52d5.css]
[pollyannaconsultancyservices.com/wp-content/plugins/elementor/assets/lib/font-awesome/css/brands.min52d5.css]
[pollyannaconsultancyservices.com/wp-includes/js/jquery/jquery.minaf6c.js]
[pollyannaconsultancyservices.com/wp-includes/js/jquery/jquery-migrate.mind617.js]
[pollyannaconsultancyservices.com/wp-content/plugins/elementor/assets/lib/font-awesome/js/v4-shims.minee45.js]
[pollyannaconsultancyservices.com/wp-content/plugins/corona-virus-data/index.html]
[pollyannaconsultancyservices.com/wp-content/uploads/elementor/css/post-84a6e9.css]
[pollyannaconsultancyservices.com/Trident/index.html]
[pollyannaconsultancyservices.com/wp-content/plugins/elementor/assets/lib/font-awesome/css/regular.min52d5.css]
[pollyannaconsultancyservices.com/wp-json/wp/v2/pages/84.json]
[pollyannaconsultancyservices.com/wp-json/oembed/1.0/embed8501.json]
[pollyannaconsultancyservices.com/about-us/index.html]
[pollyannaconsultancyservices.com/wp-json/oembed/1.0/embed75c1]
[pollyannaconsultancyservices.com/wp-content/uploads/2021/04/feature2-free-img.png]
[pollyannaconsultancyservices.com/wp-content/uploads/elementor/css/post-13599c8c.css]
[pollyannaconsultancyservices.com/wp-json/wp/v2/pages/1359.json]
[pollyannaconsultancyservices.com/wp-json/oembed/1.0/embedbecb.json]
[pollyannaconsultancyservices.com/wp-json/oembed/1.0/embedd00a]
[pollyannaconsultancyservices.com/wp-content/uploads/2021/04/feature1-free-img.png]
[pollyannaconsultancyservices.com/wp-content/uploads/2021/04/feature3-free-img.png]
[pollyannaconsultancyservices.com/wp-content/plugins/header-footer-elementor/inc/js/frontend2745.js]
[pollyannaconsultancyservices.com/our-services/index.html]
[pollyannaconsultancyservices.com/wp-content/uploads/elementor/css/post-9289ee2.css]
[pollyannaconsultancyservices.com/wp-json/wp/v2/pages/928.json]
[pollyannaconsultancyservices.com/wp-json/oembed/1.0/embed1da9.json]
[pollyannaconsultancyservices.com/wp-json/oembed/1.0/embed43fd]
[pollyannaconsultancyservices.com/wp-content/uploads/2021/03/cropped-logo-1.png]
[pollyannaconsultancyservices.com/training-services/index.html]
[pollyannaconsultancyservices.com/wp-content/uploads/elementor/css/post-936adcf.css]
[pollyannaconsultancyservices.com/wp-json/wp/v2/pages/936.json]
[pollyannaconsultancyservices.com/wp-json/oembed/1.0/embeda995.json]
[pollyannaconsultancyservices.com/placement-services/index.html]
[pollyannaconsultancyservices.com/wp-json/oembed/1.0/embed55d6]
[pollyannaconsultancyservices.com/wp-content/uploads/2021/03/Main_img.jpg]
[pollyannaconsultancyservices.com/wp-content/uploads/essential-addons-elementor/a6fc6ebfa.minca31.css]
[pollyannaconsultancyservices.com/wp-content/uploads/elementor/css/post-385aacf.css]
[pollyannaconsultancyservices.com/wp-json/wp/v2/pages/385.json]
[pollyannaconsultancyservices.com/wp-json/oembed/1.0/embed6428.json]
[pollyannaconsultancyservices.com/wp-json/oembed/1.0/embedb2ee]
[pollyannaconsultancyservices.com/educational-services/index.html]
[pollyannaconsultancyservices.com/wp-content/uploads/essential-addons-elementor/a6fc6ebfa.minca31.js]
[pollyannaconsultancyservices.com/educational-services/bachelors-in-computer-application/index.html]
[pollyannaconsultancyservices.com/wp-content/uploads/2021/03/laptop-office-hand-3196481.jpg]
[pollyannaconsultancyservices.com/educational-services/b-tech/index.html]
[pollyannaconsultancyservices.com/educational-services/diploma/index.html]
[pollyannaconsultancyservices.com/wp-content/uploads/elementor/css/post-10418555.css]
[pollyannaconsultancyservices.com/educational-services/b-architecture/index.html]
[pollyannaconsultancyservices.com/educational-services/m-architecture/index.html]
[pollyannaconsultancyservices.com/educational-services/bachelors-in-managment/index.html]
[pollyannaconsultancyservices.com/wp-json/wp/v2/pages/1041.json]
[pollyannaconsultancyservices.com/educational-services/commerce-banking-u-g/index.html]
[pollyannaconsultancyservices.com/educational-services/commerce-banking-p-g/index.html]
[pollyannaconsultancyservices.com/educational-services/masters-in-managment/index.html]
[pollyannaconsultancyservices.com/wp-json/oembed/1.0/embed8cd1.json]
[pollyannaconsultancyservices.com/educational-services/law/index.html]
[pollyannaconsultancyservices.com/educational-services/medical/index.html]
[pollyannaconsultancyservices.com/wp-json/oembed/1.0/embedfc71]
[pollyannaconsultancyservices.com/wp-content/uploads/forminator/css/style-10671f4b.css]
[pollyannaconsultancyservices.com/paramedical/index.html]
[pollyannaconsultancyservices.com/wp-content/plugins/forminator/assets/forminator-ui/css/src/form/forminator-form-material.select2.min9330.css]
[pollyannaconsultancyservices.com/educational-services/pharmacy/index.html]
[pollyannaconsultancyservices.com/educational-services/d-pharmacy/index.html]
[pollyannaconsultancyservices.com/business-with-us/index.html]
[pollyannaconsultancyservices.com/wp-content/plugins/forminator/assets/forminator-ui/js/select2.full.min9330.js]
[pollyannaconsultancyservices.com/wp-content/uploads/elementor/css/post-727deea.css]
[pollyannaconsultancyservices.com/educational-services/nursing/index.html]
[pollyannaconsultancyservices.com/wp-json/wp/v2/pages/727.json]
[pollyannaconsultancyservices.com/educational-services/dental/index.html]
[pollyannaconsultancyservices.com/wp-json/oembed/1.0/embedd48a.json]
[pollyannaconsultancyservices.com/contact-us/index.html]
[pollyannaconsultancyservices.com/wp-json/oembed/1.0/embed0cf2]
[pollyannaconsultancyservices.com/wp-content/uploads/2021/06/24_05_2021-police-3-150x150.jpg]
[pollyannaconsultancyservices.com/wp-content/uploads/essential-addons-elementor/494c21e20.mind1ef.css]
[pollyannaconsultancyservices.com/wp-content/uploads/elementor/css/post-16674751.css]
[pollyannaconsultancyservices.com/wp-json/wp/v2/pages/1667.json]
[pollyannaconsultancyservices.com/wp-json/oembed/1.0/embeddde5.json]
[pollyannaconsultancyservices.com/wp-json/oembed/1.0/embeddef9]
[cdn.razorpay.com/static/widget/payment-button.js]
[pollyannaconsultancyservices.com/wp-content/uploads/2021/04/5b9bfb2c-icon-4-1.png]
[pollyannaconsultancyservices.com/wp-content/uploads/2021/04/5b9bfb2c-icon-3-1.png]
[pollyannaconsultancyservices.com/wp-content/uploads/2021/04/6b4bbe96-icon-2-1.png]
[pollyannaconsultancyservices.com/wp-content/uploads/2021/06/24_05_2021-police-3.jpg]
[pollyannaconsultancyservices.com/wp-content/uploads/2021/06/24_05_2021-police4.jpg]
[pollyannaconsultancyservices.com/wp-content/uploads/2021/06/24_05_2021-police4-150x150.jpg]
[pollyannaconsultancyservices.com/wp-content/uploads/2021/06/24052021-police-2.jpg]
[pollyannaconsultancyservices.com/wp-content/uploads/2021/06/24052021-police-2-150x150.jpg]
[pollyannaconsultancyservices.com/wp-content/uploads/2021/06/24052021-police.jpg]
[pollyannaconsultancyservices.com/wp-content/uploads/2021/06/24052021-police-150x150.jpg]
[pollyannaconsultancyservices.com/wp-content/uploads/2021/06/Untitled-design.jpg]
[pollyannaconsultancyservices.com/wp-content/uploads/2021/06/Untitled-design-150x150.jpg]
[pollyannaconsultancyservices.com/wp-content/uploads/2021/04/118165827_gettyimages-1232465340.jpg]
[pollyannaconsultancyservices.com/wp-content/uploads/2021/04/Mumbai_Volunteers_COVID19_21042021_1200.jpg]
[pollyannaconsultancyservices.com/wp-content/uploads/2021/04/113253106_coviddelhireuters.jpg]
[pollyannaconsultancyservices.com/wp-content/themes/astra/assets/css/minified/galleries.mina4f3.css]
[pollyannaconsultancyservices.com/wp-content/plugins/ce-corona/assets/css/corona2ecd.css]
[pollyannaconsultancyservices.com/wp-content/uploads/essential-addons-elementor/494c21e20.mind1ef.js]
[pollyannaconsultancyservices.com/wp-content/plugins/elementor/assets/lib/jquery-numerator/jquery-numerator.min3958.js]
[pollyannaconsultancyservices.com/wp-includes/js/dist/vendor/regenerator-runtime.minb36a.js]
[pollyannaconsultancyservices.com/wp-includes/js/dist/vendor/wp-polyfill.min2c7c.js]
[pollyannaconsultancyservices.com/wp-includes/js/dist/hooks.mine16b.js]
[pollyannaconsultancyservices.com/wp-includes/js/dist/i18n.min71a7.js]
[pollyannaconsultancyservices.com/wp-includes/js/dist/vendor/lodash.minf492.js]
[pollyannaconsultancyservices.com/wp-includes/js/dist/vendor/moment.min95d7.js]
[pollyannaconsultancyservices.com/wp-includes/js/dist/vendor/react.mincd00.js]
[pollyannaconsultancyservices.com/wp-includes/js/dist/dom-ready.min7354.js]
[pollyannaconsultancyservices.com/wp-includes/js/dist/a11y.minac6e.js]
[pollyannaconsultancyservices.com/wp-includes/js/dist/deprecated.min6f50.js]
[pollyannaconsultancyservices.com/wp-includes/js/dist/dom.min2546.js]
[pollyannaconsultancyservices.com/wp-includes/js/dist/vendor/react-dom.mincd00.js]
[pollyannaconsultancyservices.com/wp-includes/js/dist/escape-html.minc6f4.js]
[pollyannaconsultancyservices.com/wp-includes/js/dist/element.min9eb4.js]
[pollyannaconsultancyservices.com/wp-includes/js/dist/is-shallow-equal.min4ea0.js]
[pollyannaconsultancyservices.com/wp-includes/js/dist/keycodes.min0227.js]
[pollyannaconsultancyservices.com/wp-includes/js/dist/priority-queue.mindb2b.js]
[pollyannaconsultancyservices.com/wp-includes/js/dist/compose.min3b7e.js]
[pollyannaconsultancyservices.com/wp-includes/js/dist/date.min53b7.js]
[pollyannaconsultancyservices.com/wp-includes/js/dist/primitives.min0e4a.js]
[pollyannaconsultancyservices.com/wp-includes/js/dist/redux-routine.min4e53.js]
[pollyannaconsultancyservices.com/wp-includes/js/dist/data.min50e7.js]
[pollyannaconsultancyservices.com/wp-includes/js/dist/rich-text.mindc93.js]
[pollyannaconsultancyservices.com/wp-includes/js/dist/warning.min18db.js]
[pollyannaconsultancyservices.com/wp-includes/js/dist/components.mind98c.js]
[pollyannaconsultancyservices.com/wp-content/plugins/ce-corona/assets/js/ce-numberformatae0c.js]
[pollyannaconsultancyservices.com/wp-content/plugins/ce-corona/assets/js/corona.min2ecd.js]
[pollyannaconsultancyservices.com/pollyanna-covid-support-save-the-people/index.html]
[pollyannaconsultancyservices.com/wp-content/plugins/ce-corona/assets/js/cegraph.min2ecd.js]
[pollyannaconsultancyservices.com/wp-content/uploads/2021/04/Global_Hunger_Index.jpg]
[pollyannaconsultancyservices.com/wp-content/uploads/elementor/css/post-194375d3.css]
[pollyannaconsultancyservices.com/wp-json/wp/v2/pages/1943.json]
[pollyannaconsultancyservices.com/wp-json/oembed/1.0/embedd93d.json]
[pollyannaconsultancyservices.com/wp-json/oembed/1.0/embed26d7]
[pollyannaconsultancyservices.com/wp-content/uploads/2021/04/5b9bfb2c-icon-4-1-1.png]
[pollyannaconsultancyservices.com/wp-content/uploads/2021/04/5b9bfb2c-icon-3-1-1.png]
[pollyannaconsultancyservices.com/wp-content/uploads/2021/04/6b4bbe96-icon-2-1-1.png]
[pollyannaconsultancyservices.com/pollyanna-covid-support-save-the-people/donate-food-to-families-struggling-with-hunger-in-covids-second-wave/index.html]
[pollyannaconsultancyservices.com/wp-content/uploads/2021/04/BL01STATESVIRUSMANESAR.jpg]
[pollyannaconsultancyservices.com/wp-content/uploads/elementor/css/post-194076ec.css]
[pollyannaconsultancyservices.com/wp-json/wp/v2/pages/1940.json]
[pollyannaconsultancyservices.com/wp-json/oembed/1.0/embedd8a3.json]
[pollyannaconsultancyservices.com/pollyanna-covid-support-save-the-people/save-critical-patients-from-fighting-corona-at-home/index.html]
[pollyannaconsultancyservices.com/wp-json/oembed/1.0/embedf528]
[pollyannaconsultancyservices.com/wp-content/uploads/2021/04/danish-siddiqui-india-coronavirus-oxygen-1-1024x684.jpg]
[pollyannaconsultancyservices.com/wp-content/uploads/elementor/css/post-183357d1.css]
[pollyannaconsultancyservices.com/wp-json/wp/v2/pages/1833.json]
[pollyannaconsultancyservices.com/wp-json/oembed/1.0/embed7470.json]
[pollyannaconsultancyservices.com/pollyanna-covid-support-save-the-people/help-patients-breathe-as-they-battle-covid/index.html]
[pollyannaconsultancyservices.com/wp-json/oembed/1.0/embed275d]
[pollyannaconsultancyservices.com/wp-content/uploads/elementor/css/post-91071db.css]
[pollyannaconsultancyservices.com/wp-json/wp/v2/pages/910.json]
[pollyannaconsultancyservices.com/wp-json/oembed/1.0/embedb5a3.json]
[pollyannaconsultancyservices.com/wp-json/oembed/1.0/embed7dcd]
[pollyannaconsultancyservices.com/wp-content/plugins/caldera-forms/assets/build/css/caldera-forms-front.minde48.css]
[pollyannaconsultancyservices.com/wp-content/plugins/caldera-forms/fields/phone_better/assets/css/intlTelInputde48.css]
[pollyannaconsultancyservices.com/wp-content/plugins/caldera-forms/fields/date_picker/css/datepickerde48.css]
[pollyannaconsultancyservices.com/wp-content/plugins/caldera-forms/clients/render/build/style.minde48.css]
[pollyannaconsultancyservices.com/wp-content/plugins/caldera-forms/assets/build/js/parsley.minde48.js]
[pollyannaconsultancyservices.com/wp-content/plugins/caldera-forms/assets/build/js/caldera-forms-front.minde48.js]
[pollyannaconsultancyservices.com/wp-content/plugins/caldera-forms/fields/phone_better/assets/js/intlTelInput.minde48.js]
[pollyannaconsultancyservices.com/wp-content/plugins/caldera-forms/fields/date_picker/cf-datepickerde48.js]
[pollyannaconsultancyservices.com/wp-content/plugins/caldera-forms/assets/build/js/jquery-baldrick.minde48.js]
[pollyannaconsultancyservices.com/registration/index.html]
[pollyannaconsultancyservices.com/wp-content/uploads/forminator/css/style-5324a4b.css]
[pollyannaconsultancyservices.com/wp-content/plugins/caldera-forms/clients/render/build/index.minde48.js]
[pollyannaconsultancyservices.com/wp-content/plugins/forminator/assets/forminator-ui/fonts/forminator-icons-font8782.eot]
[pollyannaconsultancyservices.com/wp-content/plugins/forminator/assets/forminator-ui/fonts/forminator-icons-font8782.woff2]
[pollyannaconsultancyservices.com/wp-content/plugins/forminator/assets/forminator-ui/fonts/forminator-icons-font8782.woff]
[pollyannaconsultancyservices.com/wp-content/plugins/forminator/assets/forminator-ui/fonts/forminator-icons-font8782.ttf]
[pollyannaconsultancyservices.com/wp-content/plugins/forminator/assets/forminator-ui/css/forminator-icons.min9330.css]
[pollyannaconsultancyservices.com/wp-content/plugins/forminator/assets/forminator-ui/fonts/forminator-icons-font8782.svg]
[pollyannaconsultancyservices.com/wp-content/plugins/forminator/assets/forminator-ui/css/src/forminator-utilities.min9330.css]
[pollyannaconsultancyservices.com/wp-content/plugins/forminator/assets/forminator-ui/css/src/grid/forminator-grid.open.min9330.css]
[pollyannaconsultancyservices.com/wp-content/plugins/forminator/assets/forminator-ui/css/src/form/forminator-form-material.base.min9330.css]
[pollyannaconsultancyservices.com/wp-content/plugins/forminator/assets/forminator-ui/css/src/form/forminator-form-material.full.min9330.css]
[pollyannaconsultancyservices.com/wp-content/plugins/forminator/assets/img/flags.png]
[pollyannaconsultancyservices.com/wp-content/plugins/forminator/assets/img/flags@2x.png]
[pollyannaconsultancyservices.com/wp-content/plugins/forminator/assets/css/intlTelInput.minfa0c.css]
[pollyannaconsultancyservices.com/wp-includes/css/buttons.minf658.css]
[pollyannaconsultancyservices.com/wp-content/plugins/elementor/assets/lib/animations/animations.minccfb.css]
[pollyannaconsultancyservices.com/wp-content/themes/astra/assets/js/minified/frontend.mina4f3.js]
[pollyannaconsultancyservices.com/wp-content/uploads/essential-addons-elementor/cb70d11b8.mind08f.js]
[pollyannaconsultancyservices.com/wp-content/plugins/elementskit-lite/libs/framework/assets/js/frontend-script25b6.js]
[pollyannaconsultancyservices.com/wp-content/plugins/elementskit-lite/widgets/init/assets/js/widget-scripts25b6.js]
[pollyannaconsultancyservices.com/wp-includes/js/wp-embed.minf658.js]
[pollyannaconsultancyservices.com/wp-content/plugins/forminator/assets/js/library/jquery.validate.min9330.js]
[pollyannaconsultancyservices.com/wp-content/plugins/forminator/assets/forminator-ui/js/forminator-form.min9330.js]
[pollyannaconsultancyservices.com/wp-content/plugins/forminator/build/front/front.multi.min9330.js]
[pollyannaconsultancyservices.com/wp-content/plugins/forminator/assets/js/library/intlTelInput.min9330.js]
[pollyannaconsultancyservices.com/wp-content/plugins/elementor/assets/js/webpack.runtime.minccfb.js]
[pollyannaconsultancyservices.com/wp-content/plugins/elementor/assets/js/frontend-modules.minccfb.js]
[pollyannaconsultancyservices.com/wp-content/plugins/elementor/assets/lib/waypoints/waypoints.min05da.js]
[pollyannaconsultancyservices.com/wp-includes/js/jquery/ui/core.min35d0.js]
[pollyannaconsultancyservices.com/wp-content/plugins/elementor/assets/lib/swiper/swiper.min48f5.js]
[pollyannaconsultancyservices.com/Version/index.html]
[pollyannaconsultancyservices.com/wp-content/plugins/elementor/assets/lib/share-link/share-link.minccfb.js]
[pollyannaconsultancyservices.com/Edge/index.html]
[pollyannaconsultancyservices.com/wp-content/plugins/elementor/assets/lib/dialog/dialog.mina288.js]
[pollyannaconsultancyservices.com/Firefox/index.html]
[pollyannaconsultancyservices.com/Gecko/index.html]
[pollyannaconsultancyservices.com/version/index-2.html]
[pollyannaconsultancyservices.com/-negative.svg]
[pollyannaconsultancyservices.com/wp-content/plugins/elementor/assets/js/frontend.minccfb.js]
[pollyannaconsultancyservices.com/wp-content/plugins/elementskit-lite/widgets/init/assets/js/animate-circle25b6.js]
[pollyannaconsultancyservices.com/wp-content/plugins/elementskit-lite/widgets/init/assets/js/elementor25b6.js]
[pollyannaconsultancyservices.com/wp-content/plugins/elementor/assets/js/preloaded-modules.minccfb.js]
[pollyannaconsultancyservices.com/wp-content/plugins/templately/assets/images/logo-icon.svg]
[pollyannaconsultancyservices.com/wp-content/plugins/elementor/assets/lib/eicons/fonts/eicons02d6.svg]
[pollyannaconsultancyservices.com/wp-content/plugins/elementor/assets/lib/font-awesome/webfonts/fa-brands-400.svg]
[pollyannaconsultancyservices.com/wp-content/plugins/elementor/assets/lib/font-awesome/webfonts/fa-regular-400.svg]
[pollyannaconsultancyservices.com/wp-content/plugins/elementor/assets/lib/font-awesome/webfonts/fa-solid-900.svg]
[pollyannaconsultancyservices.com/wp-content/plugins/elementskit-lite/widgets/init/assets/img/cross-out.svg]
[pollyannaconsultancyservices.com/Trident/index.html]
[pollyannaconsultancyservices.com/wp-content/uploads/elementor/css/post-84a6e9.css]
[pollyannaconsultancyservices.com/wp-content/plugins/elementor/assets/lib/font-awesome/css/regular.min52d5.css]
[pollyannaconsultancyservices.com/index735a.html]
[pollyannaconsultancyservices.com/OPR/index.html]
[pollyannaconsultancyservices.com/wp-content/uploads/2021/04/bg-03-free-img.jpg]
[pollyannaconsultancyservices.com/wp-content/uploads/2021/04/bg-01-free-img.jpg]
[pollyannaconsultancyservices.com/wp-content/uploads/elementor/css/post-13599c8c.css]
[pollyannaconsultancyservices.com/index01d1.html]
[pollyannaconsultancyservices.com/wp-content/plugins/header-footer-elementor/inc/js/frontend2745.js]
[pollyannaconsultancyservices.com/wp-content/uploads/2021/03/sonja-langford-357.png]
[pollyannaconsultancyservices.com/wp-content/uploads/elementor/css/post-9289ee2.css]
[pollyannaconsultancyservices.com/indexf065.html]
[pollyannaconsultancyservices.com/wp-content/uploads/elementor/css/post-936adcf.css]
[pollyannaconsultancyservices.com/indexb648.html]
[pollyannaconsultancyservices.com/wp-content/uploads/essential-addons-elementor/a6fc6ebfa.minca31.css]
[pollyannaconsultancyservices.com/wp-content/uploads/2021/03/Slider_img-1.jpg]
[pollyannaconsultancyservices.com/wp-content/uploads/2021/03/03_Services-Details.png]
[pollyannaconsultancyservices.com/wp-content/uploads/2021/03/artificial-intelligence-network-web-5866644.jpg]
[pollyannaconsultancyservices.com/wp-content/uploads/2021/03/architecture-skyscrapers-buildings-5999913.jpg]
[pollyannaconsultancyservices.com/wp-content/uploads/2021/03/tie-necktie-adjust-690084.jpg]
[pollyannaconsultancyservices.com/wp-content/uploads/2021/03/watch-time-corporate-841410.jpg]
[pollyannaconsultancyservices.com/wp-content/uploads/2021/03/judge-court-justice-67715.jpg]
[pollyannaconsultancyservices.com/wp-content/uploads/2021/03/piron-guillaume-y5hQCIn1c6o-unsplash-scaled.jpg]
[pollyannaconsultancyservices.com/wp-content/uploads/2021/03/heartbeat-pulse-healthcare-163709.jpg]
[pollyannaconsultancyservices.com/wp-content/uploads/2021/03/medications-tablets-medicine-257336.jpg]
[pollyannaconsultancyservices.com/wp-content/uploads/2021/03/BSC-2-1024x532-1.jpg]
[pollyannaconsultancyservices.com/wp-content/uploads/2021/03/dental-porcelain-tooth-wax-2036941.jpg]
[pollyannaconsultancyservices.com/wp-content/uploads/2021/03/dentist-dental-office-dentistry-2530996.jpg]
[pollyannaconsultancyservices.com/wp-content/uploads/elementor/css/post-385aacf.css]
[pollyannaconsultancyservices.com/indexf1ac.html]
[pollyannaconsultancyservices.com/wp-content/uploads/elementor/css/post-4500c4c.css]
[pollyannaconsultancyservices.com/wp-json/wp/v2/pages/450.json]
[pollyannaconsultancyservices.com/wp-json/oembed/1.0/embeded89.json]
[pollyannaconsultancyservices.com/wp-json/oembed/1.0/embed8481]
[pollyannaconsultancyservices.com/wp-content/uploads/2021/03/logo.png]
[pollyannaconsultancyservices.com/educational-services/bachelors-in-computer-application/index.html]
[pollyannaconsultancyservices.com/wp-content/uploads/elementor/thumbs/lhtqjazuprq-breather-p4agkmlyx9m6d6pgk7rurpdukl55xzlagzi3o6lftw.jpg]
[pollyannaconsultancyservices.com/wp-content/uploads/elementor/css/post-447b7f7.css]
[pollyannaconsultancyservices.com/wp-json/wp/v2/pages/447.json]
[pollyannaconsultancyservices.com/wp-json/oembed/1.0/embedc722.json]
[pollyannaconsultancyservices.com/wp-json/oembed/1.0/embedb966]
[pollyannaconsultancyservices.com/wp-content/uploads/elementor/thumbs/lhtqjazuprq-breather-p4agkmlyx9m6d6pgk7rurpdukl55xzlagzi3r3dqas.jpg]
[pollyannaconsultancyservices.com/wp-content/uploads/elementor/thumbs/9l_326fiszk-luca-bravo-p4agknjt43ngoso3eq6hc75b5z0j5op0t45l8dcc4k.jpg]
[pollyannaconsultancyservices.com/educational-services/b-tech/index.html]
[pollyannaconsultancyservices.com/wp-content/uploads/elementor/css/post-5992304.css]
[pollyannaconsultancyservices.com/wp-json/wp/v2/pages/599.json]
[pollyannaconsultancyservices.com/wp-json/oembed/1.0/embed9886.json]
[pollyannaconsultancyservices.com/educational-services/diploma/index.html]
[pollyannaconsultancyservices.com/wp-json/oembed/1.0/embeda767]
[pollyannaconsultancyservices.com/wp-content/uploads/elementor/css/post-610ad6d.css]
[pollyannaconsultancyservices.com/wp-json/wp/v2/pages/610.json]
[pollyannaconsultancyservices.com/wp-json/oembed/1.0/embeda729.json]
[pollyannaconsultancyservices.com/educational-services/b-architecture/index.html]
[pollyannaconsultancyservices.com/wp-json/oembed/1.0/embedee9d]
[images.static-collegedunia.com/public/image/dd464c2008265048f7f762736d96ad06.png]
[pollyannaconsultancyservices.com/wp-content/uploads/elementor/css/post-6117654.css]
[pollyannaconsultancyservices.com/wp-json/wp/v2/pages/611.json]
[pollyannaconsultancyservices.com/wp-json/oembed/1.0/embed8775.json]
[pollyannaconsultancyservices.com/wp-json/oembed/1.0/embedaf44]
[images.static-collegedunia.com/public/image/dd464c2008265048f7f762736d96ad06b68f.png]
[pollyannaconsultancyservices.com/educational-services/m-architecture/index.html]
[pollyannaconsultancyservices.com/wp-content/uploads/elementor/css/post-6078326.css]
[pollyannaconsultancyservices.com/wp-json/wp/v2/pages/607.json]
[pollyannaconsultancyservices.com/wp-json/oembed/1.0/embed10cc.json]
[pollyannaconsultancyservices.com/educational-services/commerce-banking-u-g/index.html]
[pollyannaconsultancyservices.com/wp-json/oembed/1.0/embedb252]
[pollyannaconsultancyservices.com/wp-content/uploads/elementor/css/post-6817709.css]
[pollyannaconsultancyservices.com/wp-json/wp/v2/pages/681.json]
[pollyannaconsultancyservices.com/wp-json/oembed/1.0/embed3518.json]
[pollyannaconsultancyservices.com/educational-services/commerce-banking-p-g/index.html]
[pollyannaconsultancyservices.com/wp-json/oembed/1.0/embed97cc]
[pollyannaconsultancyservices.com/wp-content/uploads/2021/02/pcs-white-logo.jpg]
[pollyannaconsultancyservices.com/wp-content/uploads/elementor/css/post-734547e.css]
[pollyannaconsultancyservices.com/wp-json/wp/v2/pages/734.json]
[pollyannaconsultancyservices.com/wp-json/oembed/1.0/embed51cd.json]
[pollyannaconsultancyservices.com/wp-json/oembed/1.0/embed1e9a]
[pollyannaconsultancyservices.com/educational-services/bachelors-in-managment/index.html]
[pollyannaconsultancyservices.com/wp-content/uploads/elementor/css/post-5007861.css]
[pollyannaconsultancyservices.com/wp-json/wp/v2/pages/500.json]
[pollyannaconsultancyservices.com/wp-json/oembed/1.0/embed3ac2.json]
[pollyannaconsultancyservices.com/educational-services/masters-in-managment/index.html]
[pollyannaconsultancyservices.com/wp-json/oembed/1.0/embed1b80]
[images.static-collegedunia.com/public/image/969747d7dc6e32c72d702e880a35b4e9.png]
[pollyannaconsultancyservices.com/wp-content/uploads/elementor/css/post-49388d4.css]
[pollyannaconsultancyservices.com/wp-json/wp/v2/pages/493.json]
[pollyannaconsultancyservices.com/wp-json/oembed/1.0/embed3b55.json]
[pollyannaconsultancyservices.com/wp-json/oembed/1.0/embed60ac]
[images.static-collegedunia.com/public/image/969747d7dc6e32c72d702e880a35b4e9b7e1.jpg]
[pollyannaconsultancyservices.com/educational-services/law/index.html]
[images.static-collegedunia.com/public/image/84967dab4a134b1e40bd6ea1b9f5b055.png]
[pollyannaconsultancyservices.com/wp-content/uploads/elementor/css/post-5558844.css]
[pollyannaconsultancyservices.com/wp-json/wp/v2/pages/555.json]
[pollyannaconsultancyservices.com/wp-json/oembed/1.0/embeda998.json]
[pollyannaconsultancyservices.com/wp-json/oembed/1.0/embedd1d9]
[images.static-collegedunia.com/public/image/84967dab4a134b1e40bd6ea1b9f5b0553fc9.png]
[pollyannaconsultancyservices.com/educational-services/medical/index.html]
[pollyannaconsultancyservices.com/wp-content/uploads/2021/03/BAMS.jpg]
[pollyannaconsultancyservices.com/wp-content/uploads/elementor/css/post-7761cd7.css]
[pollyannaconsultancyservices.com/wp-json/wp/v2/pages/776.json]
[pollyannaconsultancyservices.com/wp-json/oembed/1.0/embed2b95.json]
[pollyannaconsultancyservices.com/wp-json/oembed/1.0/embedeb35]
[pollyannaconsultancyservices.com/wp-content/uploads/2021/03/BHMS.jpg]
[pollyannaconsultancyservices.com/wp-content/uploads/2021/03/BUMS.jpg]
[pollyannaconsultancyservices.com/wp-content/uploads/2021/03/physiotherapy-1024x576-1.jpg]
[pollyannaconsultancyservices.com/wp-content/uploads/2021/03/1-3.jpg]
[pollyannaconsultancyservices.com/wp-content/uploads/2021/03/download-1.jpg]
[pollyannaconsultancyservices.com/wp-content/uploads/2021/03/Occupational_Therapy-1.jpg]
[pollyannaconsultancyservices.com/wp-content/uploads/2021/03/Optometry.jpg]
[pollyannaconsultancyservices.com/paramedical/index.html]
[pollyannaconsultancyservices.com/wp-content/uploads/elementor/css/post-560c7c9.css]
[pollyannaconsultancyservices.com/wp-json/wp/v2/pages/560.json]
[pollyannaconsultancyservices.com/wp-json/oembed/1.0/embed7bcf.json]
[pollyannaconsultancyservices.com/educational-services/pharmacy/index.html]
[pollyannaconsultancyservices.com/wp-json/oembed/1.0/embedaca8]
[pollyannaconsultancyservices.com/wp-content/uploads/elementor/css/post-7167082.css]
[pollyannaconsultancyservices.com/wp-json/wp/v2/pages/716.json]
[pollyannaconsultancyservices.com/wp-json/oembed/1.0/embed6f4d.json]
[pollyannaconsultancyservices.com/educational-services/d-pharmacy/index.html]
[pollyannaconsultancyservices.com/wp-json/oembed/1.0/embed59c2]
[pollyannaconsultancyservices.com/wp-content/uploads/elementor/css/post-619f471.css]
[pollyannaconsultancyservices.com/wp-json/wp/v2/pages/619.json]
[pollyannaconsultancyservices.com/wp-json/oembed/1.0/embed5ba5.json]
[pollyannaconsultancyservices.com/wp-json/oembed/1.0/embed988f]
[pollyannaconsultancyservices.com/wp-content/uploads/2021/03/download-2.jpg]
[pollyannaconsultancyservices.com/wp-content/uploads/2021/03/images-1.jpg]
[pollyannaconsultancyservices.com/educational-services/nursing/index.html]
[pollyannaconsultancyservices.com/wp-content/uploads/elementor/css/post-722fbbc.css]
[pollyannaconsultancyservices.com/wp-json/wp/v2/pages/722.json]
[pollyannaconsultancyservices.com/wp-json/oembed/1.0/embedca15.json]
[pollyannaconsultancyservices.com/educational-services/dental/index.html]
[pollyannaconsultancyservices.com/wp-content/uploads/essential-addons-elementor/a6fc6ebfa.minca31.js]
[pollyannaconsultancyservices.com/wp-json/oembed/1.0/embed7ef0]
[pollyannaconsultancyservices.com/wp-content/uploads/2021/02/Slider_img-1.jpg]
[pollyannaconsultancyservices.com/wp-content/uploads/2021/02/About_img-1.jpg]
[pollyannaconsultancyservices.com/wp-content/uploads/2021/02/call-back_img.jpg]
[pollyannaconsultancyservices.com/wp-content/uploads/2021/02/funfact_img.jpg]
[pollyannaconsultancyservices.com/wp-content/uploads/elementor/css/post-10418555.css]
[pollyannaconsultancyservices.com/indexc9ac.html]
[pollyannaconsultancyservices.com/wp-content/uploads/forminator/css/style-10671f4b.css]
[pollyannaconsultancyservices.com/wp-content/plugins/forminator/assets/forminator-ui/css/src/form/forminator-form-material.select2.min9330.css]
[pollyannaconsultancyservices.com/wp-content/plugins/forminator/assets/forminator-ui/js/select2.full.min9330.js]
[pollyannaconsultancyservices.com/wp-content/uploads/2021/02/landscape-mountains-sky-4843193.jpg]
[pollyannaconsultancyservices.com/wp-content/uploads/elementor/css/post-727deea.css]
[pollyannaconsultancyservices.com/index58a0.html]
[pollyannaconsultancyservices.com/wp-content/uploads/essential-addons-elementor/494c21e20.mind1ef.css]
[pollyannaconsultancyservices.com/wp-content/uploads/2021/04/d5ee7e3a-banner.jpg]
[pollyannaconsultancyservices.com/wp-content/uploads/elementor/css/post-16674751.css]
[pollyannaconsultancyservices.com/index1f00.html]
[pollyannaconsultancyservices.com/wp-content/themes/astra/assets/css/minified/galleries.mina4f3.css]
[pollyannaconsultancyservices.com/wp-content/plugins/ce-corona/assets/css/corona2ecd.css]
[pollyannaconsultancyservices.com/wp-content/plugins/ce-corona/assets/css/cegraph2ecd.css]
[pollyannaconsultancyservices.com/wp-content/uploads/essential-addons-elementor/494c21e20.mind1ef.js]
[pollyannaconsultancyservices.com/wp-content/plugins/elementor/assets/lib/jquery-numerator/jquery-numerator.min3958.js]
[pollyannaconsultancyservices.com/wp-includes/js/dist/vendor/regenerator-runtime.minb36a.js]
[pollyannaconsultancyservices.com/wp-includes/js/dist/vendor/wp-polyfill.min2c7c.js]
[pollyannaconsultancyservices.com/wp-includes/js/dist/hooks.mine16b.js]
[pollyannaconsultancyservices.com/wp-includes/js/dist/i18n.min71a7.js]
[pollyannaconsultancyservices.com/wp-includes/js/dist/vendor/lodash.minf492.js]
[pollyannaconsultancyservices.com/wp-includes/js/dist/vendor/moment.min95d7.js]
[pollyannaconsultancyservices.com/wp-includes/js/dist/vendor/react.mincd00.js]
[pollyannaconsultancyservices.com/wp-includes/js/dist/dom-ready.min7354.js]
[pollyannaconsultancyservices.com/wp-includes/js/dist/a11y.minac6e.js]
[pollyannaconsultancyservices.com/wp-includes/js/dist/deprecated.min6f50.js]
[pollyannaconsultancyservices.com/wp-includes/js/dist/dom.min2546.js]
[pollyannaconsultancyservices.com/wp-includes/js/dist/vendor/react-dom.mincd00.js]
[pollyannaconsultancyservices.com/wp-includes/js/dist/escape-html.minc6f4.js]
[pollyannaconsultancyservices.com/wp-includes/js/dist/element.min9eb4.js]
[pollyannaconsultancyservices.com/wp-includes/js/dist/is-shallow-equal.min4ea0.js]
[pollyannaconsultancyservices.com/wp-includes/js/dist/keycodes.min0227.js]
[pollyannaconsultancyservices.com/wp-includes/js/dist/priority-queue.mindb2b.js]
[pollyannaconsultancyservices.com/wp-includes/js/dist/compose.min3b7e.js]
[pollyannaconsultancyservices.com/pollyanna-covid-support-save-the-people/moment-timezone-utils.js must be loaded after moment-timezone.153.delayed]
[pollyannaconsultancyservices.com/wp-includes/js/dist/date.min53b7.js]
[pollyannaconsultancyservices.com/wp-includes/js/dist/primitives.min0e4a.js]
[pollyannaconsultancyservices.com/wp-includes/js/dist/redux-routine.min4e53.js]
[pollyannaconsultancyservices.com/wp-includes/js/dist/data.min50e7.js]
[pollyannaconsultancyservices.com/wp-includes/js/dist/rich-text.mindc93.js]
[pollyannaconsultancyservices.com/wp-includes/js/dist/warning.min18db.js]
[pollyannaconsultancyservices.com/pollyanna-covid-support-save-the-people/$&/index.html]
[pollyannaconsultancyservices.com/wp-includes/js/dist/components.mind98c.js]
[pollyannaconsultancyservices.com/pollyanna-covid-support-save-the-people/Koq/index.html]
[pollyannaconsultancyservices.com/pollyanna-covid-support-save-the-people/hZ2/index.html]
[pollyannaconsultancyservices.com/pollyanna-covid-support-save-the-people/z9I/index.html]
[pollyannaconsultancyservices.com/pollyanna-covid-support-save-the-people/oXO/index.html]
[pollyannaconsultancyservices.com/wp-content/plugins/ce-corona/assets/js/corona.min2ecd.js]
[pollyannaconsultancyservices.com/wp-content/plugins/ce-corona/assets/js/ce-numberformatae0c.js]
[pollyannaconsultancyservices.com/wp-content/plugins/ce-corona/assets/js/cegraph.min2ecd.js]
[pollyannaconsultancyservices.com/wp-content/uploads/2021/04/5a5a0b0d-charity-event-subheader.jpg]
[pollyannaconsultancyservices.com/wp-content/uploads/2021/04/banner-01.jpg]
[pollyannaconsultancyservices.com/wp-content/uploads/elementor/css/post-194375d3.css]
[pollyannaconsultancyservices.com/index3ba2.html]
[pollyannaconsultancyservices.com/wp-content/uploads/elementor/css/post-194076ec.css]
[pollyannaconsultancyservices.com/index10c0.html]
[pollyannaconsultancyservices.com/wp-content/uploads/elementor/css/post-183357d1.css]
[pollyannaconsultancyservices.com/indexf5ae.html]
[pollyannaconsultancyservices.com/wp-content/uploads/elementor/css/post-91071db.css]
[pollyannaconsultancyservices.com/index0865.html]
[pollyannaconsultancyservices.com/wp-content/plugins/caldera-forms/assets/build/images/loading.gif]
[pollyannaconsultancyservices.com/wp-content/plugins/caldera-forms/assets/build/images/credit-card.svg]
[pollyannaconsultancyservices.com/wp-content/plugins/caldera-forms/assets/build/css/fonts/cf-ratye6a1.eot]
[pollyannaconsultancyservices.com/wp-content/plugins/caldera-forms/assets/build/css/fonts/cf-ratye6a1.woff]
[pollyannaconsultancyservices.com/wp-content/plugins/caldera-forms/assets/build/css/fonts/cf-ratye6a1.ttf]
[pollyannaconsultancyservices.com/wp-content/plugins/caldera-forms/assets/build/css/fonts/cf-ratye6a1.svg]
[pollyannaconsultancyservices.com/wp-content/plugins/caldera-forms/assets/build/css/minicolor-colors.png]
[pollyannaconsultancyservices.com/wp-content/plugins/caldera-forms/assets/build/css/caldera-forms-front.minde48.css]
[pollyannaconsultancyservices.com/wp-content/plugins/caldera-forms/fields/phone_better/assets/img/flags.png]
[pollyannaconsultancyservices.com/wp-content/plugins/caldera-forms/fields/phone_better/assets/img/flags@2x.png]
[pollyannaconsultancyservices.com/wp-content/plugins/caldera-forms/fields/phone_better/assets/css/intlTelInputde48.css]
[pollyannaconsultancyservices.com/wp-content/plugins/caldera-forms/fields/date_picker/css/datepickerde48.css]
[pollyannaconsultancyservices.com/wp-content/plugins/caldera-forms/clients/render/build/style.minde48.css]
[pollyannaconsultancyservices.com/wp-content/plugins/caldera-forms/assets/build/js/parsley.minde48.js]
[pollyannaconsultancyservices.com/registration/credit-card.svg]
[pollyannaconsultancyservices.com/wp-content/plugins/caldera-forms/assets/build/js/caldera-forms-front.minde48.js]
[pollyannaconsultancyservices.com/wp-content/plugins/caldera-forms/fields/phone_better/assets/js/intlTelInput.minde48.js]
[pollyannaconsultancyservices.com/wp-content/plugins/caldera-forms/fields/date_picker/cf-datepickerde48.js]
[pollyannaconsultancyservices.com/registration/this,b]
[pollyannaconsultancyservices.com/wp-content/plugins/caldera-forms/assets/build/js/jquery-baldrick.minde48.js]
[pollyannaconsultancyservices.com/wp-content/plugins/caldera-forms/clients/render/build/index.minde48.js]
[pollyannaconsultancyservices.com/wp-content/plugins/forminator/assets/forminator-ui/fonts/forminator-icons-font8782.svg]
[pollyannaconsultancyservices.com/Edge/index.html]
[pollyannaconsultancyservices.com/Gecko/index.html]
[pollyannaconsultancyservices.com/Firefox/index.html]
[pollyannaconsultancyservices.com/Version/index.html]
[pollyannaconsultancyservices.com/version/index-2.html]
[pollyannaconsultancyservices.com/-negative.html]
[pollyannaconsultancyservices.com/OPR/index.html]
[pollyannaconsultancyservices.com/wp-content/uploads/elementor/css/post-4500c4c.css]
[pollyannaconsultancyservices.com/index9e0f.html]
[pollyannaconsultancyservices.com/registration/Edge/index.html]
[pollyannaconsultancyservices.com/registration/Trident/index.html]
[pollyannaconsultancyservices.com/wp-content/uploads/2021/03/fbfesvejgog-emanuel-hahn.jpg]
[pollyannaconsultancyservices.com/wp-content/uploads/elementor/css/post-447b7f7.css]
[pollyannaconsultancyservices.com/index42fe.html]
[pollyannaconsultancyservices.com/wp-content/uploads/elementor/css/post-5992304.css]
[pollyannaconsultancyservices.com/indexa9e1.html]
[pollyannaconsultancyservices.com/wp-content/uploads/elementor/css/post-610ad6d.css]
[pollyannaconsultancyservices.com/index0718.html]
[pollyannaconsultancyservices.com/wp-content/uploads/elementor/css/post-6117654.css]
[pollyannaconsultancyservices.com/indexb702.html]
[pollyannaconsultancyservices.com/wp-content/uploads/elementor/css/post-6078326.css]
[pollyannaconsultancyservices.com/index30e4.html]
[pollyannaconsultancyservices.com/wp-content/uploads/elementor/css/post-6817709.css]
[pollyannaconsultancyservices.com/index1565.html]
[pollyannaconsultancyservices.com/wp-content/uploads/elementor/css/post-734547e.css]
[pollyannaconsultancyservices.com/index7458.html]
[pollyannaconsultancyservices.com/wp-content/uploads/elementor/css/post-5007861.css]
[pollyannaconsultancyservices.com/index2d25.html]
[pollyannaconsultancyservices.com/wp-content/uploads/elementor/css/post-49388d4.css]
[pollyannaconsultancyservices.com/index7255.html]
[pollyannaconsultancyservices.com/wp-content/uploads/elementor/css/post-5558844.css]
[pollyannaconsultancyservices.com/index960c.html]
[pollyannaconsultancyservices.com/wp-content/uploads/elementor/css/post-7761cd7.css]
[pollyannaconsultancyservices.com/indexb63e.html]
[pollyannaconsultancyservices.com/wp-content/uploads/elementor/css/post-560c7c9.css]
[pollyannaconsultancyservices.com/index46ad.html]
[pollyannaconsultancyservices.com/wp-content/uploads/elementor/css/post-7167082.css]
[pollyannaconsultancyservices.com/index7e39.html]
[pollyannaconsultancyservices.com/wp-content/uploads/elementor/css/post-619f471.css]
[pollyannaconsultancyservices.com/index7867.html]
[pollyannaconsultancyservices.com/wp-content/uploads/elementor/css/post-722fbbc.css]
[pollyannaconsultancyservices.com/indexc9c3.html]
[pollyannaconsultancyservices.com/pollyanna-covid-support-save-the-people/$&/index.html]
[pollyannaconsultancyservices.com/pollyanna-covid-support-save-the-people/moment-timezone-utils.js must be loaded after moment-timezone.html]
[pollyannaconsultancyservices.com/pollyanna-covid-support-save-the-people/Moment Timezone requires Moment.js. See https_/momentjs.com/timezone/docs/index.html]
[pollyannaconsultancyservices.com/pollyanna-covid-support-save-the-people/Koq/index.html]
[pollyannaconsultancyservices.com/pollyanna-covid-support-save-the-people/hZ2/index.html]
[pollyannaconsultancyservices.com/pollyanna-covid-support-save-the-people/z9I/index.html]
[pollyannaconsultancyservices.com/pollyanna-covid-support-save-the-people/oXO/index.html]
[pollyannaconsultancyservices.com/wp-content/plugins/caldera-forms/assets/build/images/credit-card.svg]
[pollyannaconsultancyservices.com/wp-content/plugins/caldera-forms/assets/build/css/fonts/cf-ratye6a1.svg]
[pollyannaconsultancyservices.com/wp-content/plugins/caldera-forms/assets/build/css/minicolor-colors.html]
[pollyannaconsultancyservices.com/registration/credit-card.html]
[pollyannaconsultancyservices.com/registration/this,b.html]
[pollyannaconsultancyservices.com/registration/Trident/index.html]
[pollyannaconsultancyservices.com/registration/Edge/index.html]
